// Jest Snapshot v1, https://goo.gl/fbAQLP

exports[`App makes a snapshot 1`] = `
<div>
  <div
    class="App"
  >
    <div
      style="display: flex; height: 100%;"
    >
      <div>
        spinner
      </div>
    </div>
  </div>
</div>
`;
